        10
+
+
.T.
.T.
C C
N/W*,N/W*,W/W*,N/W*,N/W*,W+/BG*,W+/BG*,N/N,N/W*,W/W*,+
N/W*,N/W*,W/W*,N/W*,N/W*,W+/BG*,W+/BG*,N/N,N/W*,W/W*,+
W/W*,N/W*,W/W*,N/W*,N/W*,W+/BG*,W+/N,W/W*,N/W*,W/W*,+
W/W*,N/W*,W/W*,N/W*,N/W*,W+/BG*,W+/N,W/W*,N/W*,W/W*,+
N/W*,N/W*,W/W*,N/W*,N/W*,W+/BG*,W+/BG*,N/N,N/W*,W/W*,+
N/W*,N/W*,W/W*,N/W*,N/W*,W+/BG*,W+/BG*,N/N,N/W*,W/W*,+
N/W*,N/W*,W/W*,N/W*,N/W*,W+/BG*,W+/BG*,N/N,N/W*,W/W*,+
N/W*,N/W*,W/W*,N/W*,N/W*,W+/BG*,W+/BG*,N/N,N/W*,W/W*,+
N/W*,N/W*,W/W*,N/W*,N/W*,W+/BG*,W+/BG*,N/N,N/W*,W/W*,+
N/W*,N/W*,W/W*,N/W*,N/W*,W+/BG*,W+/BG*,N/N,N/W*,W/W*,+
N/W*,N/W*,W/W*,N/W*,N/W*,W+/BG*,W+/BG*,N/N,N/W*,W/W*,+
N/W*,N/W*,W/W*,N/W*,N/W*,W+/BG*,W+/BG*,N/N,N/W*,W/W*,+
W/W*,N/W*,W/W*,N/W*,N/W*,W+/BG*,W+/N,W/W*,N/W*,W/W*,+
N/W*,N/W*,W/W*,N/W*,N/W*,W+/BG*,W+/BG*,N/N,N/W*,W/W*,+
N/W*,N/W*,W/W*,N/W*,N/W*,W+/BG*,W+/BG*,N/N,N/W*,W/W*,+
N/W*,N/W*,W/W*,N/W*,N/W*,W+/BG*,W+/BG*,N/N,N/W*,W/W*,+
N/W*,N/W*,W/W*,N/W*,N/W*,W+/BG*,W+/BG*,N/N,N/W*,W/W*,+
N/W*,N/W*,W/W*,N/W*,N/W*,W+/BG*,W+/BG*,N/N,N/W*,W/W*,+
N/W*,N/W*,W/W*,N/W*,N/W*,W+/BG*,W+/BG*,N/N,N/W*,W/W*,+
N/W*,N/W*,W/W*,N/W*,N/W*,W+/BG*,W+/BG*,N/N,N/W*,W/W*,+
N/W*,N/W*,W/W*,N/W*,N/W*,W+/BG*,W+/BG*,N/N,N/W*,W/W*,+
N/W*,N/W*,W/W*,N/W*,N/W*,W+/BG*,W+/BG*,N/N,N/W*,W/W*,+
N/W*,N/W*,W/W*,N/W*,N/W*,W+/BG*,W+/BG*,N/N,N/W*,W/W*,+
N/W*,N/W*,W/W*,N/W*,N/W*,W+/BG*,W+/BG*,N/N,N/W*,W/W*,+
W+/N
N/N
RGB( )
         5
RGB(0,0,0,0,0,0)

        11

        11

        11

        11
