Label Label Label []
Label 0 .F. .F.
0 0 100 17
16777215 0 1 0
16777215 7171437 4
Arial 9 .F. .F. .F. .F.
.T. .T. [] 0 0
[] [] 0 -1
0 [] 0 0
3 0 0 []
0 [] -1 .F.
1 .F. .F. [] []
Your name: .T. 255 12
.T. .T. .T.
.T. .T. .T.
.T. .T. .T.
.T. .T. .T.
.F. .F. .F.
.F. .F. .T.
.T. .T. .T. .T.
.T. .T. .T. .T.
.T. .T. .T.
.T. .T. .T.
.T. .T. .T.
.T. .T. .T.
.T. .F. .F.
