Toolbar Toolbar Toolbar []
Toolbar 33 15 0
.F. -1 .T. .T. .T.
15790320 0 .T. 0
1 .F. .F. 3
.T. .T. .T. .T.
.T. .T. .T.
.T. .T. .T.
.F. .F. .F.
Separator Separator Separator 0 .T. .T.
.F. .F. .T.
Control Control Control 75 75
15790320 1 2 0
.T. .T. .F.
.T. .T. .T.
Projecthook Projecthook Projecthook 1 3
.T. .T. .T.
.T. .T. .T.
.T. .T. .T.
.T. .T. .T.
.T. .T. .F.
