Commandbutton Commandbutton Command []
Command 2 .F. .F. .F. .F.
0 0 100 17
15790320 0 15790320 7171437
[] [] []
13 0 0
0 0 0 .T.
.T. .T. .T. 0 .F.
[] [] -1
\<Save .T. 84
.T. .F. .T.
.T. .T. .T. .T.
.T. .T. .T.
.T. .T. .T.
.F. .F. .F.
Commandgroup Commandgroup 0 0
10 17 16777215 6579300
1 0 []
[] [] .F.
.T. .T. .T.
.T. .T. .T.
