BROWSER.APP BUILDER.APP FOXCODE.APP
CONVERT.APP FOXCODE.DBF FOXREF.APP
FOXTASK.DBF GALLERY.APP GENHTML.PRG
OBJECTBROWSER.APP REPORTBUILDER.APP
REPORTOUTPUT.APP REPORTPREVIEW.APP
SCCTEXT.PRG TASKLIST.APP TASKPANE.APP
TOOLBOX.APP WIZARD.APP
.T. .T. .T. .T. .T.
C C C C
N N N D
O O O O
0 0 0
12 3.5 7
[> ] myapp.h
mytoolbox.app myspell.app
.F.
_PAGETOTAL = string: 9
_TOOLBOX = number: 9
_DIARYDATE = string: 9
07/04/24
