Grid Grid Grid []
320 200 -1 18
19 3 0 1
.T. .T. .T. 0 1
.T. 1 0 0
.F. .T. .T. .T.
0 .T. .T. 0
16777215 0 1
[] 1 [] []
[] .F. .F. 3
0 0 0 0
0 0 0
.T. .T. .T.
.T. .T. .T.
.T. .T. .T.
.T. .T. .F.
Column Column 75 0 3
.T. .T. .T. .T. .T. .F.
[] [] []
[] [] []
[] [] []
[] [] []
[] 1 .F. .F.
.T. .T. .F.
Header Header Header 0 .F.
15790320 0 Arial 9
.T. .T. .F.
