          Parts list

Code        Name          Price

A1          Bolt          2.50
B2          Nut           1.75
C3          Washer        0.40
Page 1
          Parts list

Code        Name          Price

A1          Bolt          2.50
B2          Nut           1.75
Page 1
          Parts list

Code        Name          Price

Page 1
written: yes
.T.
         0          1          1
         1
FoxDev PDF
FoxDev PDF
Reportlistener
        -1          0 .F.
         0          0          0
.F. .F.
Part list
.T. .F.
         0          0
.T.
         0
