about to add one
added books as dsn=books;uid=reader
about to add one
added ledger as dsn=ledger
         2 BOOKS LEDGER
renaming ledger to accounts
renamed
         2 ACCOUNTS
not changing accounts
deleting books
deleted
         1 ACCOUNTS
designing table titles
designed table
designing view anything
designed view
editing the procedures
edited the procedures
