         1
.T.          5
ledger
Ames Ltd          2          1          2
         1
         1 Ames          1
         1          2          0
.T.          2
.T.
         0
Ames Ltd
  250.00
.T.
         3          4
         1          2
         0
         1
         0
  999.00
         0   999.00
